<div class="container-fluid"><div class="row">
<div class="col-lg-8 col-md-8 col-sm-12 col-xs-12">
<div class="page-icon"><span class="sb sb-line"></span></div>
<div class="page-title"><h1>Lignes</h1></div>
</div>
<div class="col-lg-4 col-md-4 col-sm-12 col-xs-12 text-right"><div class="page-action"></div></div>
</div></div>